Archive member included because of file (symbol)

/usr/local/Cellar/avr-gcc/4.7.2/lib/gcc/avr/4.7.2/avr4/libgcc.a(_divmodhi4.o)
                              ./main.o (__divmodhi4)
/usr/local/Cellar/avr-gcc/4.7.2/lib/gcc/avr/4.7.2/avr4/libgcc.a(_divmodsi4.o)
                              ./main.o (__divmodsi4)
/usr/local/Cellar/avr-gcc/4.7.2/lib/gcc/avr/4.7.2/avr4/libgcc.a(_exit.o)
                              /usr/local/Cellar/avr-gcc/4.7.2/lib/gcc/avr/4.7.2/../../../../avr/lib/avr4/crtm8.o (exit)
/usr/local/Cellar/avr-gcc/4.7.2/lib/gcc/avr/4.7.2/avr4/libgcc.a(_copy_data.o)
                              ./main.o (__do_copy_data)
/usr/local/Cellar/avr-gcc/4.7.2/lib/gcc/avr/4.7.2/avr4/libgcc.a(_clear_bss.o)
                              ./main.o (__do_clear_bss)
/usr/local/Cellar/avr-gcc/4.7.2/lib/gcc/avr/4.7.2/avr4/libgcc.a(_addsub_sf.o)
                              ./main.o (__addsf3)
/usr/local/Cellar/avr-gcc/4.7.2/lib/gcc/avr/4.7.2/avr4/libgcc.a(_mul_sf.o)
                              ./main.o (__mulsf3)
/usr/local/Cellar/avr-gcc/4.7.2/lib/gcc/avr/4.7.2/avr4/libgcc.a(_gt_sf.o)
                              ./main.o (__gtsf2)
/usr/local/Cellar/avr-gcc/4.7.2/lib/gcc/avr/4.7.2/avr4/libgcc.a(_lt_sf.o)
                              ./main.o (__ltsf2)
/usr/local/Cellar/avr-gcc/4.7.2/lib/gcc/avr/4.7.2/avr4/libgcc.a(_si_to_sf.o)
                              ./main.o (__floatsisf)
/usr/local/Cellar/avr-gcc/4.7.2/lib/gcc/avr/4.7.2/avr4/libgcc.a(_sf_to_si.o)
                              ./main.o (__fixsfsi)
/usr/local/Cellar/avr-gcc/4.7.2/lib/gcc/avr/4.7.2/avr4/libgcc.a(_thenan_sf.o)
                              /usr/local/Cellar/avr-gcc/4.7.2/lib/gcc/avr/4.7.2/avr4/libgcc.a(_addsub_sf.o) (__thenan_sf)
/usr/local/Cellar/avr-gcc/4.7.2/lib/gcc/avr/4.7.2/avr4/libgcc.a(_udivmodhi4.o)
                              /usr/local/Cellar/avr-gcc/4.7.2/lib/gcc/avr/4.7.2/avr4/libgcc.a(_divmodhi4.o) (__udivmodhi4)
/usr/local/Cellar/avr-gcc/4.7.2/lib/gcc/avr/4.7.2/avr4/libgcc.a(_udivmodsi4.o)
                              /usr/local/Cellar/avr-gcc/4.7.2/lib/gcc/avr/4.7.2/avr4/libgcc.a(_divmodsi4.o) (__udivmodsi4)
/usr/local/Cellar/avr-gcc/4.7.2/lib/gcc/avr/4.7.2/avr4/libgcc.a(_prologue.o)
                              /usr/local/Cellar/avr-gcc/4.7.2/lib/gcc/avr/4.7.2/avr4/libgcc.a(_addsub_sf.o) (__prologue_saves__)
/usr/local/Cellar/avr-gcc/4.7.2/lib/gcc/avr/4.7.2/avr4/libgcc.a(_epilogue.o)
                              /usr/local/Cellar/avr-gcc/4.7.2/lib/gcc/avr/4.7.2/avr4/libgcc.a(_addsub_sf.o) (__epilogue_restores__)
/usr/local/Cellar/avr-gcc/4.7.2/lib/gcc/avr/4.7.2/avr4/libgcc.a(_clzsi2.o)
                              /usr/local/Cellar/avr-gcc/4.7.2/lib/gcc/avr/4.7.2/avr4/libgcc.a(_si_to_sf.o) (__clzsi2)
/usr/local/Cellar/avr-gcc/4.7.2/lib/gcc/avr/4.7.2/avr4/libgcc.a(_clzhi2.o)
                              /usr/local/Cellar/avr-gcc/4.7.2/lib/gcc/avr/4.7.2/avr4/libgcc.a(_clzsi2.o) (__clzhi2)
/usr/local/Cellar/avr-gcc/4.7.2/lib/gcc/avr/4.7.2/avr4/libgcc.a(_pack_sf.o)
                              /usr/local/Cellar/avr-gcc/4.7.2/lib/gcc/avr/4.7.2/avr4/libgcc.a(_addsub_sf.o) (__pack_f)
/usr/local/Cellar/avr-gcc/4.7.2/lib/gcc/avr/4.7.2/avr4/libgcc.a(_unpack_sf.o)
                              /usr/local/Cellar/avr-gcc/4.7.2/lib/gcc/avr/4.7.2/avr4/libgcc.a(_addsub_sf.o) (__unpack_f)
/usr/local/Cellar/avr-gcc/4.7.2/lib/gcc/avr/4.7.2/avr4/libgcc.a(_fpcmp_parts_sf.o)
                              /usr/local/Cellar/avr-gcc/4.7.2/lib/gcc/avr/4.7.2/avr4/libgcc.a(_gt_sf.o) (__fpcmp_parts_f)

Memory Configuration

Name             Origin             Length             Attributes
text             0x0000000000000000 0x0000000000002000 xr
data             0x0000000000800060 0x000000000000ffa0 rw !x
eeprom           0x0000000000810000 0x0000000000010000 rw !x
fuse             0x0000000000820000 0x0000000000000400 rw !x
lock             0x0000000000830000 0x0000000000000400 rw !x
signature        0x0000000000840000 0x0000000000000400 rw !x
*default*        0x0000000000000000 0xffffffffffffffff

Linker script and memory map

LOAD /usr/local/Cellar/avr-gcc/4.7.2/lib/gcc/avr/4.7.2/../../../../avr/lib/avr4/crtm8.o
LOAD ./main.o
LOAD /usr/local/Cellar/avr-gcc/4.7.2/lib/gcc/avr/4.7.2/avr4/libgcc.a
LOAD /usr/local/Cellar/avr-gcc/4.7.2/lib/gcc/avr/4.7.2/../../../../avr/lib/avr4/libc.a
LOAD /usr/local/Cellar/avr-gcc/4.7.2/lib/gcc/avr/4.7.2/avr4/libgcc.a

.hash
 *(.hash)

.dynsym
 *(.dynsym)

.dynstr
 *(.dynstr)

.gnu.version
 *(.gnu.version)

.gnu.version_d
 *(.gnu.version_d)

.gnu.version_r
 *(.gnu.version_r)

.rel.init
 *(.rel.init)

.rela.init
 *(.rela.init)

.rel.text
 *(.rel.text)
 *(.rel.text.*)
 *(.rel.gnu.linkonce.t*)

.rela.text
 *(.rela.text)
 *(.rela.text.*)
 *(.rela.gnu.linkonce.t*)

.rel.fini
 *(.rel.fini)

.rela.fini
 *(.rela.fini)

.rel.rodata
 *(.rel.rodata)
 *(.rel.rodata.*)
 *(.rel.gnu.linkonce.r*)

.rela.rodata
 *(.rela.rodata)
 *(.rela.rodata.*)
 *(.rela.gnu.linkonce.r*)

.rel.data
 *(.rel.data)
 *(.rel.data.*)
 *(.rel.gnu.linkonce.d*)

.rela.data
 *(.rela.data)
 *(.rela.data.*)
 *(.rela.gnu.linkonce.d*)

.rel.ctors
 *(.rel.ctors)

.rela.ctors
 *(.rela.ctors)

.rel.dtors
 *(.rel.dtors)

.rela.dtors
 *(.rela.dtors)

.rel.got
 *(.rel.got)

.rela.got
 *(.rela.got)

.rel.bss
 *(.rel.bss)

.rela.bss
 *(.rela.bss)

.rel.plt
 *(.rel.plt)

.rela.plt
 *(.rela.plt)

.text           0x0000000000000000     0x176e
 *(.vectors)
 .vectors       0x0000000000000000       0x26 /usr/local/Cellar/avr-gcc/4.7.2/lib/gcc/avr/4.7.2/../../../../avr/lib/avr4/crtm8.o
                0x0000000000000000                __vectors
                0x0000000000000000                __vector_default
 *(.vectors)
 *(.progmem.gcc*)
 *(.progmem*)
                0x0000000000000026                . = ALIGN (0x2)
                0x0000000000000026                __trampolines_start = .
 *(.trampolines)
 .trampolines   0x0000000000000026        0x0 linker stubs
 *(.trampolines*)
                0x0000000000000026                __trampolines_end = .
 *(.jumptables)
 *(.jumptables*)
 *(.lowtext)
 *(.lowtext*)
                0x0000000000000026                __ctors_start = .
 *(.ctors)
                0x0000000000000026                __ctors_end = .
                0x0000000000000026                __dtors_start = .
 *(.dtors)
                0x0000000000000026                __dtors_end = .
 SORT(*)(.ctors)
 SORT(*)(.dtors)
 *(.init0)
 .init0         0x0000000000000026        0x0 /usr/local/Cellar/avr-gcc/4.7.2/lib/gcc/avr/4.7.2/../../../../avr/lib/avr4/crtm8.o
                0x0000000000000026                __init
 *(.init0)
 *(.init1)
 *(.init1)
 *(.init2)
 .init2         0x0000000000000026        0xc /usr/local/Cellar/avr-gcc/4.7.2/lib/gcc/avr/4.7.2/../../../../avr/lib/avr4/crtm8.o
 *(.init2)
 *(.init3)
 *(.init3)
 *(.init4)
 .init4         0x0000000000000032       0x16 /usr/local/Cellar/avr-gcc/4.7.2/lib/gcc/avr/4.7.2/avr4/libgcc.a(_copy_data.o)
                0x0000000000000032                __do_copy_data
 .init4         0x0000000000000048       0x10 /usr/local/Cellar/avr-gcc/4.7.2/lib/gcc/avr/4.7.2/avr4/libgcc.a(_clear_bss.o)
                0x0000000000000048                __do_clear_bss
 *(.init4)
 *(.init5)
 *(.init5)
 *(.init6)
 *(.init6)
 *(.init7)
 *(.init7)
 *(.init8)
 *(.init8)
 *(.init9)
 .init9         0x0000000000000058        0x4 /usr/local/Cellar/avr-gcc/4.7.2/lib/gcc/avr/4.7.2/../../../../avr/lib/avr4/crtm8.o
 *(.init9)
 *(.text)
 .text          0x000000000000005c        0x2 /usr/local/Cellar/avr-gcc/4.7.2/lib/gcc/avr/4.7.2/../../../../avr/lib/avr4/crtm8.o
                0x000000000000005c                __vector_18
                0x000000000000005c                __vector_12
                0x000000000000005c                __bad_interrupt
                0x000000000000005c                __vector_6
                0x000000000000005c                __vector_3
                0x000000000000005c                __vector_11
                0x000000000000005c                __vector_13
                0x000000000000005c                __vector_17
                0x000000000000005c                __vector_7
                0x000000000000005c                __vector_5
                0x000000000000005c                __vector_4
                0x000000000000005c                __vector_9
                0x000000000000005c                __vector_2
                0x000000000000005c                __vector_15
                0x000000000000005c                __vector_8
                0x000000000000005c                __vector_14
                0x000000000000005c                __vector_10
                0x000000000000005c                __vector_16
                0x000000000000005c                __vector_1
 .text          0x000000000000005e      0xb6c ./main.o
                0x000000000000005e                imin
                0x0000000000000070                imax
                0x0000000000000082                ipow10
                0x00000000000000f0                idelay_s
                0x000000000000011e                ilog10
                0x00000000000001de                lcdWait
                0x0000000000000204                lcdWrite
                0x000000000000025e                lcdRead
                0x000000000000029a                lcdClear
                0x00000000000002a4                lcdLocate
                0x00000000000002ba                lcdPrintStr
                0x00000000000002da                lcdPrintFloat
                0x0000000000000460                lcdPrintInt
                0x0000000000000502                lcdBacklit
                0x000000000000050e                lcdInit
                0x0000000000000576                spiInit
                0x00000000000005ba                spiTransmit
                0x00000000000005f2                adSetGain
                0x0000000000000620                adInit
                0x0000000000000642                adcRead
                0x0000000000000672                keyInit
                0x0000000000000680                getKey
                0x00000000000006ce                ec11Init
                0x00000000000006dc                ec11Check
                0x0000000000000712                keyLevel
                0x000000000000075a                main
 .text          0x0000000000000bca        0x0 /usr/local/Cellar/avr-gcc/4.7.2/lib/gcc/avr/4.7.2/avr4/libgcc.a(_divmodhi4.o)
 .text          0x0000000000000bca        0x0 /usr/local/Cellar/avr-gcc/4.7.2/lib/gcc/avr/4.7.2/avr4/libgcc.a(_divmodsi4.o)
 .text          0x0000000000000bca        0x0 /usr/local/Cellar/avr-gcc/4.7.2/lib/gcc/avr/4.7.2/avr4/libgcc.a(_exit.o)
 .text          0x0000000000000bca        0x0 /usr/local/Cellar/avr-gcc/4.7.2/lib/gcc/avr/4.7.2/avr4/libgcc.a(_copy_data.o)
 .text          0x0000000000000bca        0x0 /usr/local/Cellar/avr-gcc/4.7.2/lib/gcc/avr/4.7.2/avr4/libgcc.a(_clear_bss.o)
 .text          0x0000000000000bca      0x354 /usr/local/Cellar/avr-gcc/4.7.2/lib/gcc/avr/4.7.2/avr4/libgcc.a(_addsub_sf.o)
                0x0000000000000e7e                __addsf3
                0x0000000000000eca                __subsf3
 .text          0x0000000000000f1e      0x1c0 /usr/local/Cellar/avr-gcc/4.7.2/lib/gcc/avr/4.7.2/avr4/libgcc.a(_mul_sf.o)
                0x0000000000000f1e                __mulsf3
 .text          0x00000000000010de       0x54 /usr/local/Cellar/avr-gcc/4.7.2/lib/gcc/avr/4.7.2/avr4/libgcc.a(_gt_sf.o)
                0x00000000000010de                __gtsf2
 .text          0x0000000000001132       0x54 /usr/local/Cellar/avr-gcc/4.7.2/lib/gcc/avr/4.7.2/avr4/libgcc.a(_lt_sf.o)
                0x0000000000001132                __ltsf2
 .text          0x0000000000001186       0xb0 /usr/local/Cellar/avr-gcc/4.7.2/lib/gcc/avr/4.7.2/avr4/libgcc.a(_si_to_sf.o)
                0x0000000000001186                __floatsisf
 .text          0x0000000000001236       0x98 /usr/local/Cellar/avr-gcc/4.7.2/lib/gcc/avr/4.7.2/avr4/libgcc.a(_sf_to_si.o)
                0x0000000000001236                __fixsfsi
 .text          0x00000000000012ce        0x0 /usr/local/Cellar/avr-gcc/4.7.2/lib/gcc/avr/4.7.2/avr4/libgcc.a(_thenan_sf.o)
 .text          0x00000000000012ce        0x0 /usr/local/Cellar/avr-gcc/4.7.2/lib/gcc/avr/4.7.2/avr4/libgcc.a(_udivmodhi4.o)
 .text          0x00000000000012ce        0x0 /usr/local/Cellar/avr-gcc/4.7.2/lib/gcc/avr/4.7.2/avr4/libgcc.a(_udivmodsi4.o)
 .text          0x00000000000012ce        0x0 /usr/local/Cellar/avr-gcc/4.7.2/lib/gcc/avr/4.7.2/avr4/libgcc.a(_prologue.o)
 .text          0x00000000000012ce        0x0 /usr/local/Cellar/avr-gcc/4.7.2/lib/gcc/avr/4.7.2/avr4/libgcc.a(_epilogue.o)
 .text          0x00000000000012ce        0x0 /usr/local/Cellar/avr-gcc/4.7.2/lib/gcc/avr/4.7.2/avr4/libgcc.a(_clzsi2.o)
 .text          0x00000000000012ce        0x0 /usr/local/Cellar/avr-gcc/4.7.2/lib/gcc/avr/4.7.2/avr4/libgcc.a(_clzhi2.o)
 .text          0x00000000000012ce      0x194 /usr/local/Cellar/avr-gcc/4.7.2/lib/gcc/avr/4.7.2/avr4/libgcc.a(_pack_sf.o)
                0x00000000000012ce                __pack_f
 .text          0x0000000000001462       0xde /usr/local/Cellar/avr-gcc/4.7.2/lib/gcc/avr/4.7.2/avr4/libgcc.a(_unpack_sf.o)
                0x0000000000001462                __unpack_f
 .text          0x0000000000001540       0xc2 /usr/local/Cellar/avr-gcc/4.7.2/lib/gcc/avr/4.7.2/avr4/libgcc.a(_fpcmp_parts_sf.o)
                0x0000000000001540                __fpcmp_parts_f
                0x0000000000001602                . = ALIGN (0x2)
 *(.text.*)
 .text.libgcc.mul
                0x0000000000001602        0x0 /usr/local/Cellar/avr-gcc/4.7.2/lib/gcc/avr/4.7.2/avr4/libgcc.a(_divmodhi4.o)
 .text.libgcc.div
                0x0000000000001602       0x26 /usr/local/Cellar/avr-gcc/4.7.2/lib/gcc/avr/4.7.2/avr4/libgcc.a(_divmodhi4.o)
                0x0000000000001602                __divmodhi4
                0x0000000000001602                _div
 .text.libgcc   0x0000000000001628        0x0 /usr/local/Cellar/avr-gcc/4.7.2/lib/gcc/avr/4.7.2/avr4/libgcc.a(_divmodhi4.o)
 .text.libgcc.prologue
                0x0000000000001628        0x0 /usr/local/Cellar/avr-gcc/4.7.2/lib/gcc/avr/4.7.2/avr4/libgcc.a(_divmodhi4.o)
 .text.libgcc.builtins
                0x0000000000001628        0x0 /usr/local/Cellar/avr-gcc/4.7.2/lib/gcc/avr/4.7.2/avr4/libgcc.a(_divmodhi4.o)
 .text.libgcc.fmul
                0x0000000000001628        0x0 /usr/local/Cellar/avr-gcc/4.7.2/lib/gcc/avr/4.7.2/avr4/libgcc.a(_divmodhi4.o)
 .text.libgcc.mul
                0x0000000000001628        0x0 /usr/local/Cellar/avr-gcc/4.7.2/lib/gcc/avr/4.7.2/avr4/libgcc.a(_divmodsi4.o)
 .text.libgcc.div
                0x0000000000001628       0x36 /usr/local/Cellar/avr-gcc/4.7.2/lib/gcc/avr/4.7.2/avr4/libgcc.a(_divmodsi4.o)
                0x0000000000001628                __divmodsi4
 .text.libgcc   0x000000000000165e        0x0 /usr/local/Cellar/avr-gcc/4.7.2/lib/gcc/avr/4.7.2/avr4/libgcc.a(_divmodsi4.o)
 .text.libgcc.prologue
                0x000000000000165e        0x0 /usr/local/Cellar/avr-gcc/4.7.2/lib/gcc/avr/4.7.2/avr4/libgcc.a(_divmodsi4.o)
 .text.libgcc.builtins
                0x000000000000165e        0x0 /usr/local/Cellar/avr-gcc/4.7.2/lib/gcc/avr/4.7.2/avr4/libgcc.a(_divmodsi4.o)
 .text.libgcc.fmul
                0x000000000000165e        0x0 /usr/local/Cellar/avr-gcc/4.7.2/lib/gcc/avr/4.7.2/avr4/libgcc.a(_divmodsi4.o)
 .text.libgcc.mul
                0x000000000000165e        0x0 /usr/local/Cellar/avr-gcc/4.7.2/lib/gcc/avr/4.7.2/avr4/libgcc.a(_exit.o)
 .text.libgcc.div
                0x000000000000165e        0x0 /usr/local/Cellar/avr-gcc/4.7.2/lib/gcc/avr/4.7.2/avr4/libgcc.a(_exit.o)
 .text.libgcc   0x000000000000165e        0x0 /usr/local/Cellar/avr-gcc/4.7.2/lib/gcc/avr/4.7.2/avr4/libgcc.a(_exit.o)
 .text.libgcc.prologue
                0x000000000000165e        0x0 /usr/local/Cellar/avr-gcc/4.7.2/lib/gcc/avr/4.7.2/avr4/libgcc.a(_exit.o)
 .text.libgcc.builtins
                0x000000000000165e        0x0 /usr/local/Cellar/avr-gcc/4.7.2/lib/gcc/avr/4.7.2/avr4/libgcc.a(_exit.o)
 .text.libgcc.fmul
                0x000000000000165e        0x0 /usr/local/Cellar/avr-gcc/4.7.2/lib/gcc/avr/4.7.2/avr4/libgcc.a(_exit.o)
 .text.libgcc.mul
                0x000000000000165e        0x0 /usr/local/Cellar/avr-gcc/4.7.2/lib/gcc/avr/4.7.2/avr4/libgcc.a(_copy_data.o)
 .text.libgcc.div
                0x000000000000165e        0x0 /usr/local/Cellar/avr-gcc/4.7.2/lib/gcc/avr/4.7.2/avr4/libgcc.a(_copy_data.o)
 .text.libgcc   0x000000000000165e        0x0 /usr/local/Cellar/avr-gcc/4.7.2/lib/gcc/avr/4.7.2/avr4/libgcc.a(_copy_data.o)
 .text.libgcc.prologue
                0x000000000000165e        0x0 /usr/local/Cellar/avr-gcc/4.7.2/lib/gcc/avr/4.7.2/avr4/libgcc.a(_copy_data.o)
 .text.libgcc.builtins
                0x000000000000165e        0x0 /usr/local/Cellar/avr-gcc/4.7.2/lib/gcc/avr/4.7.2/avr4/libgcc.a(_copy_data.o)
 .text.libgcc.fmul
                0x000000000000165e        0x0 /usr/local/Cellar/avr-gcc/4.7.2/lib/gcc/avr/4.7.2/avr4/libgcc.a(_copy_data.o)
 .text.libgcc.mul
                0x000000000000165e        0x0 /usr/local/Cellar/avr-gcc/4.7.2/lib/gcc/avr/4.7.2/avr4/libgcc.a(_clear_bss.o)
 .text.libgcc.div
                0x000000000000165e        0x0 /usr/local/Cellar/avr-gcc/4.7.2/lib/gcc/avr/4.7.2/avr4/libgcc.a(_clear_bss.o)
 .text.libgcc   0x000000000000165e        0x0 /usr/local/Cellar/avr-gcc/4.7.2/lib/gcc/avr/4.7.2/avr4/libgcc.a(_clear_bss.o)
 .text.libgcc.prologue
                0x000000000000165e        0x0 /usr/local/Cellar/avr-gcc/4.7.2/lib/gcc/avr/4.7.2/avr4/libgcc.a(_clear_bss.o)
 .text.libgcc.builtins
                0x000000000000165e        0x0 /usr/local/Cellar/avr-gcc/4.7.2/lib/gcc/avr/4.7.2/avr4/libgcc.a(_clear_bss.o)
 .text.libgcc.fmul
                0x000000000000165e        0x0 /usr/local/Cellar/avr-gcc/4.7.2/lib/gcc/avr/4.7.2/avr4/libgcc.a(_clear_bss.o)
 .text.libgcc.mul
                0x000000000000165e        0x0 /usr/local/Cellar/avr-gcc/4.7.2/lib/gcc/avr/4.7.2/avr4/libgcc.a(_udivmodhi4.o)
 .text.libgcc.div
                0x000000000000165e       0x28 /usr/local/Cellar/avr-gcc/4.7.2/lib/gcc/avr/4.7.2/avr4/libgcc.a(_udivmodhi4.o)
                0x000000000000165e                __udivmodhi4
 .text.libgcc   0x0000000000001686        0x0 /usr/local/Cellar/avr-gcc/4.7.2/lib/gcc/avr/4.7.2/avr4/libgcc.a(_udivmodhi4.o)
 .text.libgcc.prologue
                0x0000000000001686        0x0 /usr/local/Cellar/avr-gcc/4.7.2/lib/gcc/avr/4.7.2/avr4/libgcc.a(_udivmodhi4.o)
 .text.libgcc.builtins
                0x0000000000001686        0x0 /usr/local/Cellar/avr-gcc/4.7.2/lib/gcc/avr/4.7.2/avr4/libgcc.a(_udivmodhi4.o)
 .text.libgcc.fmul
                0x0000000000001686        0x0 /usr/local/Cellar/avr-gcc/4.7.2/lib/gcc/avr/4.7.2/avr4/libgcc.a(_udivmodhi4.o)
 .text.libgcc.mul
                0x0000000000001686        0x0 /usr/local/Cellar/avr-gcc/4.7.2/lib/gcc/avr/4.7.2/avr4/libgcc.a(_udivmodsi4.o)
 .text.libgcc.div
                0x0000000000001686       0x44 /usr/local/Cellar/avr-gcc/4.7.2/lib/gcc/avr/4.7.2/avr4/libgcc.a(_udivmodsi4.o)
                0x0000000000001686                __udivmodsi4
 .text.libgcc   0x00000000000016ca        0x0 /usr/local/Cellar/avr-gcc/4.7.2/lib/gcc/avr/4.7.2/avr4/libgcc.a(_udivmodsi4.o)
 .text.libgcc.prologue
                0x00000000000016ca        0x0 /usr/local/Cellar/avr-gcc/4.7.2/lib/gcc/avr/4.7.2/avr4/libgcc.a(_udivmodsi4.o)
 .text.libgcc.builtins
                0x00000000000016ca        0x0 /usr/local/Cellar/avr-gcc/4.7.2/lib/gcc/avr/4.7.2/avr4/libgcc.a(_udivmodsi4.o)
 .text.libgcc.fmul
                0x00000000000016ca        0x0 /usr/local/Cellar/avr-gcc/4.7.2/lib/gcc/avr/4.7.2/avr4/libgcc.a(_udivmodsi4.o)
 .text.libgcc.mul
                0x00000000000016ca        0x0 /usr/local/Cellar/avr-gcc/4.7.2/lib/gcc/avr/4.7.2/avr4/libgcc.a(_prologue.o)
 .text.libgcc.div
                0x00000000000016ca        0x0 /usr/local/Cellar/avr-gcc/4.7.2/lib/gcc/avr/4.7.2/avr4/libgcc.a(_prologue.o)
 .text.libgcc   0x00000000000016ca        0x0 /usr/local/Cellar/avr-gcc/4.7.2/lib/gcc/avr/4.7.2/avr4/libgcc.a(_prologue.o)
 .text.libgcc.prologue
                0x00000000000016ca       0x38 /usr/local/Cellar/avr-gcc/4.7.2/lib/gcc/avr/4.7.2/avr4/libgcc.a(_prologue.o)
                0x00000000000016ca                __prologue_saves__
 .text.libgcc.builtins
                0x0000000000001702        0x0 /usr/local/Cellar/avr-gcc/4.7.2/lib/gcc/avr/4.7.2/avr4/libgcc.a(_prologue.o)
 .text.libgcc.fmul
                0x0000000000001702        0x0 /usr/local/Cellar/avr-gcc/4.7.2/lib/gcc/avr/4.7.2/avr4/libgcc.a(_prologue.o)
 .text.libgcc.mul
                0x0000000000001702        0x0 /usr/local/Cellar/avr-gcc/4.7.2/lib/gcc/avr/4.7.2/avr4/libgcc.a(_epilogue.o)
 .text.libgcc.div
                0x0000000000001702        0x0 /usr/local/Cellar/avr-gcc/4.7.2/lib/gcc/avr/4.7.2/avr4/libgcc.a(_epilogue.o)
 .text.libgcc   0x0000000000001702        0x0 /usr/local/Cellar/avr-gcc/4.7.2/lib/gcc/avr/4.7.2/avr4/libgcc.a(_epilogue.o)
 .text.libgcc.prologue
                0x0000000000001702       0x36 /usr/local/Cellar/avr-gcc/4.7.2/lib/gcc/avr/4.7.2/avr4/libgcc.a(_epilogue.o)
                0x0000000000001702                __epilogue_restores__
 .text.libgcc.builtins
                0x0000000000001738        0x0 /usr/local/Cellar/avr-gcc/4.7.2/lib/gcc/avr/4.7.2/avr4/libgcc.a(_epilogue.o)
 .text.libgcc.fmul
                0x0000000000001738        0x0 /usr/local/Cellar/avr-gcc/4.7.2/lib/gcc/avr/4.7.2/avr4/libgcc.a(_epilogue.o)
 .text.libgcc.mul
                0x0000000000001738        0x0 /usr/local/Cellar/avr-gcc/4.7.2/lib/gcc/avr/4.7.2/avr4/libgcc.a(_clzsi2.o)
 .text.libgcc.div
                0x0000000000001738        0x0 /usr/local/Cellar/avr-gcc/4.7.2/lib/gcc/avr/4.7.2/avr4/libgcc.a(_clzsi2.o)
 .text.libgcc   0x0000000000001738        0x0 /usr/local/Cellar/avr-gcc/4.7.2/lib/gcc/avr/4.7.2/avr4/libgcc.a(_clzsi2.o)
 .text.libgcc.prologue
                0x0000000000001738        0x0 /usr/local/Cellar/avr-gcc/4.7.2/lib/gcc/avr/4.7.2/avr4/libgcc.a(_clzsi2.o)
 .text.libgcc.builtins
                0x0000000000001738        0xe /usr/local/Cellar/avr-gcc/4.7.2/lib/gcc/avr/4.7.2/avr4/libgcc.a(_clzsi2.o)
                0x0000000000001738                __clzsi2
 .text.libgcc.fmul
                0x0000000000001746        0x0 /usr/local/Cellar/avr-gcc/4.7.2/lib/gcc/avr/4.7.2/avr4/libgcc.a(_clzsi2.o)
 .text.libgcc.mul
                0x0000000000001746        0x0 /usr/local/Cellar/avr-gcc/4.7.2/lib/gcc/avr/4.7.2/avr4/libgcc.a(_clzhi2.o)
 .text.libgcc.div
                0x0000000000001746        0x0 /usr/local/Cellar/avr-gcc/4.7.2/lib/gcc/avr/4.7.2/avr4/libgcc.a(_clzhi2.o)
 .text.libgcc   0x0000000000001746        0x0 /usr/local/Cellar/avr-gcc/4.7.2/lib/gcc/avr/4.7.2/avr4/libgcc.a(_clzhi2.o)
 .text.libgcc.prologue
                0x0000000000001746        0x0 /usr/local/Cellar/avr-gcc/4.7.2/lib/gcc/avr/4.7.2/avr4/libgcc.a(_clzhi2.o)
 .text.libgcc.builtins
                0x0000000000001746       0x24 /usr/local/Cellar/avr-gcc/4.7.2/lib/gcc/avr/4.7.2/avr4/libgcc.a(_clzhi2.o)
                0x0000000000001746                __clzhi2
 .text.libgcc.fmul
                0x000000000000176a        0x0 /usr/local/Cellar/avr-gcc/4.7.2/lib/gcc/avr/4.7.2/avr4/libgcc.a(_clzhi2.o)
                0x000000000000176a                . = ALIGN (0x2)
 *(.fini9)
 .fini9         0x000000000000176a        0x0 /usr/local/Cellar/avr-gcc/4.7.2/lib/gcc/avr/4.7.2/avr4/libgcc.a(_exit.o)
                0x000000000000176a                exit
                0x000000000000176a                _exit
 *(.fini9)
 *(.fini8)
 *(.fini8)
 *(.fini7)
 *(.fini7)
 *(.fini6)
 *(.fini6)
 *(.fini5)
 *(.fini5)
 *(.fini4)
 *(.fini4)
 *(.fini3)
 *(.fini3)
 *(.fini2)
 *(.fini2)
 *(.fini1)
 *(.fini1)
 *(.fini0)
 .fini0         0x000000000000176a        0x4 /usr/local/Cellar/avr-gcc/4.7.2/lib/gcc/avr/4.7.2/avr4/libgcc.a(_exit.o)
 *(.fini0)
                0x000000000000176e                _etext = .

.data           0x0000000000800060       0x66 load address 0x000000000000176e
                0x0000000000800060                PROVIDE (__data_start, .)
 *(.data)
 .data          0x0000000000800060        0x0 /usr/local/Cellar/avr-gcc/4.7.2/lib/gcc/avr/4.7.2/../../../../avr/lib/avr4/crtm8.o
 .data          0x0000000000800060        0x0 ./main.o
 .data          0x0000000000800060        0x0 /usr/local/Cellar/avr-gcc/4.7.2/lib/gcc/avr/4.7.2/avr4/libgcc.a(_divmodhi4.o)
 .data          0x0000000000800060        0x0 /usr/local/Cellar/avr-gcc/4.7.2/lib/gcc/avr/4.7.2/avr4/libgcc.a(_divmodsi4.o)
 .data          0x0000000000800060        0x0 /usr/local/Cellar/avr-gcc/4.7.2/lib/gcc/avr/4.7.2/avr4/libgcc.a(_exit.o)
 .data          0x0000000000800060        0x0 /usr/local/Cellar/avr-gcc/4.7.2/lib/gcc/avr/4.7.2/avr4/libgcc.a(_copy_data.o)
 .data          0x0000000000800060        0x0 /usr/local/Cellar/avr-gcc/4.7.2/lib/gcc/avr/4.7.2/avr4/libgcc.a(_clear_bss.o)
 .data          0x0000000000800060        0x0 /usr/local/Cellar/avr-gcc/4.7.2/lib/gcc/avr/4.7.2/avr4/libgcc.a(_addsub_sf.o)
 .data          0x0000000000800060        0x0 /usr/local/Cellar/avr-gcc/4.7.2/lib/gcc/avr/4.7.2/avr4/libgcc.a(_mul_sf.o)
 .data          0x0000000000800060        0x0 /usr/local/Cellar/avr-gcc/4.7.2/lib/gcc/avr/4.7.2/avr4/libgcc.a(_gt_sf.o)
 .data          0x0000000000800060        0x0 /usr/local/Cellar/avr-gcc/4.7.2/lib/gcc/avr/4.7.2/avr4/libgcc.a(_lt_sf.o)
 .data          0x0000000000800060        0x0 /usr/local/Cellar/avr-gcc/4.7.2/lib/gcc/avr/4.7.2/avr4/libgcc.a(_si_to_sf.o)
 .data          0x0000000000800060        0x0 /usr/local/Cellar/avr-gcc/4.7.2/lib/gcc/avr/4.7.2/avr4/libgcc.a(_sf_to_si.o)
 .data          0x0000000000800060        0x0 /usr/local/Cellar/avr-gcc/4.7.2/lib/gcc/avr/4.7.2/avr4/libgcc.a(_thenan_sf.o)
 .data          0x0000000000800060        0x0 /usr/local/Cellar/avr-gcc/4.7.2/lib/gcc/avr/4.7.2/avr4/libgcc.a(_udivmodhi4.o)
 .data          0x0000000000800060        0x0 /usr/local/Cellar/avr-gcc/4.7.2/lib/gcc/avr/4.7.2/avr4/libgcc.a(_udivmodsi4.o)
 .data          0x0000000000800060        0x0 /usr/local/Cellar/avr-gcc/4.7.2/lib/gcc/avr/4.7.2/avr4/libgcc.a(_prologue.o)
 .data          0x0000000000800060        0x0 /usr/local/Cellar/avr-gcc/4.7.2/lib/gcc/avr/4.7.2/avr4/libgcc.a(_epilogue.o)
 .data          0x0000000000800060        0x0 /usr/local/Cellar/avr-gcc/4.7.2/lib/gcc/avr/4.7.2/avr4/libgcc.a(_clzsi2.o)
 .data          0x0000000000800060        0x0 /usr/local/Cellar/avr-gcc/4.7.2/lib/gcc/avr/4.7.2/avr4/libgcc.a(_clzhi2.o)
 .data          0x0000000000800060        0x0 /usr/local/Cellar/avr-gcc/4.7.2/lib/gcc/avr/4.7.2/avr4/libgcc.a(_pack_sf.o)
 .data          0x0000000000800060        0x0 /usr/local/Cellar/avr-gcc/4.7.2/lib/gcc/avr/4.7.2/avr4/libgcc.a(_unpack_sf.o)
 .data          0x0000000000800060        0x0 /usr/local/Cellar/avr-gcc/4.7.2/lib/gcc/avr/4.7.2/avr4/libgcc.a(_fpcmp_parts_sf.o)
 *(.data*)
 *(.rodata)
 .rodata        0x0000000000800060       0x28 ./main.o
 .rodata        0x0000000000800088        0x8 /usr/local/Cellar/avr-gcc/4.7.2/lib/gcc/avr/4.7.2/avr4/libgcc.a(_thenan_sf.o)
                0x0000000000800088                __thenan_sf
 *(.rodata*)
 .rodata.str1.1
                0x0000000000800090       0x36 ./main.o
                                         0x38 (size before relaxing)
 *(.gnu.linkonce.d*)
                0x00000000008000c6                . = ALIGN (0x2)
                0x00000000008000c6                _edata = .
                0x00000000008000c6                PROVIDE (__data_end, .)

.bss            0x00000000008000c6        0x1
                0x00000000008000c6                PROVIDE (__bss_start, .)
 *(.bss)
 .bss           0x00000000008000c6        0x0 /usr/local/Cellar/avr-gcc/4.7.2/lib/gcc/avr/4.7.2/../../../../avr/lib/avr4/crtm8.o
 .bss           0x00000000008000c6        0x1 ./main.o
 .bss           0x00000000008000c7        0x0 /usr/local/Cellar/avr-gcc/4.7.2/lib/gcc/avr/4.7.2/avr4/libgcc.a(_divmodhi4.o)
 .bss           0x00000000008000c7        0x0 /usr/local/Cellar/avr-gcc/4.7.2/lib/gcc/avr/4.7.2/avr4/libgcc.a(_divmodsi4.o)
 .bss           0x00000000008000c7        0x0 /usr/local/Cellar/avr-gcc/4.7.2/lib/gcc/avr/4.7.2/avr4/libgcc.a(_exit.o)
 .bss           0x00000000008000c7        0x0 /usr/local/Cellar/avr-gcc/4.7.2/lib/gcc/avr/4.7.2/avr4/libgcc.a(_copy_data.o)
 .bss           0x00000000008000c7        0x0 /usr/local/Cellar/avr-gcc/4.7.2/lib/gcc/avr/4.7.2/avr4/libgcc.a(_clear_bss.o)
 .bss           0x00000000008000c7        0x0 /usr/local/Cellar/avr-gcc/4.7.2/lib/gcc/avr/4.7.2/avr4/libgcc.a(_addsub_sf.o)
 .bss           0x00000000008000c7        0x0 /usr/local/Cellar/avr-gcc/4.7.2/lib/gcc/avr/4.7.2/avr4/libgcc.a(_mul_sf.o)
 .bss           0x00000000008000c7        0x0 /usr/local/Cellar/avr-gcc/4.7.2/lib/gcc/avr/4.7.2/avr4/libgcc.a(_gt_sf.o)
 .bss           0x00000000008000c7        0x0 /usr/local/Cellar/avr-gcc/4.7.2/lib/gcc/avr/4.7.2/avr4/libgcc.a(_lt_sf.o)
 .bss           0x00000000008000c7        0x0 /usr/local/Cellar/avr-gcc/4.7.2/lib/gcc/avr/4.7.2/avr4/libgcc.a(_si_to_sf.o)
 .bss           0x00000000008000c7        0x0 /usr/local/Cellar/avr-gcc/4.7.2/lib/gcc/avr/4.7.2/avr4/libgcc.a(_sf_to_si.o)
 .bss           0x00000000008000c7        0x0 /usr/local/Cellar/avr-gcc/4.7.2/lib/gcc/avr/4.7.2/avr4/libgcc.a(_thenan_sf.o)
 .bss           0x00000000008000c7        0x0 /usr/local/Cellar/avr-gcc/4.7.2/lib/gcc/avr/4.7.2/avr4/libgcc.a(_udivmodhi4.o)
 .bss           0x00000000008000c7        0x0 /usr/local/Cellar/avr-gcc/4.7.2/lib/gcc/avr/4.7.2/avr4/libgcc.a(_udivmodsi4.o)
 .bss           0x00000000008000c7        0x0 /usr/local/Cellar/avr-gcc/4.7.2/lib/gcc/avr/4.7.2/avr4/libgcc.a(_prologue.o)
 .bss           0x00000000008000c7        0x0 /usr/local/Cellar/avr-gcc/4.7.2/lib/gcc/avr/4.7.2/avr4/libgcc.a(_epilogue.o)
 .bss           0x00000000008000c7        0x0 /usr/local/Cellar/avr-gcc/4.7.2/lib/gcc/avr/4.7.2/avr4/libgcc.a(_clzsi2.o)
 .bss           0x00000000008000c7        0x0 /usr/local/Cellar/avr-gcc/4.7.2/lib/gcc/avr/4.7.2/avr4/libgcc.a(_clzhi2.o)
 .bss           0x00000000008000c7        0x0 /usr/local/Cellar/avr-gcc/4.7.2/lib/gcc/avr/4.7.2/avr4/libgcc.a(_pack_sf.o)
 .bss           0x00000000008000c7        0x0 /usr/local/Cellar/avr-gcc/4.7.2/lib/gcc/avr/4.7.2/avr4/libgcc.a(_unpack_sf.o)
 .bss           0x00000000008000c7        0x0 /usr/local/Cellar/avr-gcc/4.7.2/lib/gcc/avr/4.7.2/avr4/libgcc.a(_fpcmp_parts_sf.o)
 *(.bss*)
 *(COMMON)
                0x00000000008000c7                PROVIDE (__bss_end, .)
                0x000000000000176e                __data_load_start = LOADADDR (.data)
                0x00000000000017d4                __data_load_end = (__data_load_start + SIZEOF (.data))

.noinit         0x00000000008000c7        0x0
                0x00000000008000c7                PROVIDE (__noinit_start, .)
 *(.noinit*)
                0x00000000008000c7                PROVIDE (__noinit_end, .)
                0x00000000008000c7                _end = .
                0x00000000008000c7                PROVIDE (__heap_start, .)

.eeprom         0x0000000000810000        0x0
 *(.eeprom*)
                0x0000000000810000                __eeprom_end = .

.fuse
 *(.fuse)
 *(.lfuse)
 *(.hfuse)
 *(.efuse)

.lock
 *(.lock*)

.signature
 *(.signature*)

.stab           0x0000000000000000     0x1ce0
 *(.stab)
 .stab          0x0000000000000000      0x6cc /usr/local/Cellar/avr-gcc/4.7.2/lib/gcc/avr/4.7.2/../../../../avr/lib/avr4/crtm8.o
 .stab          0x00000000000006cc     0x1614 ./main.o
                                       0x1620 (size before relaxing)

.stabstr        0x0000000000000000      0xc0c
 *(.stabstr)
 .stabstr       0x0000000000000000      0xc0c /usr/local/Cellar/avr-gcc/4.7.2/lib/gcc/avr/4.7.2/../../../../avr/lib/avr4/crtm8.o

.stab.excl
 *(.stab.excl)

.stab.exclstr
 *(.stab.exclstr)

.stab.index
 *(.stab.index)

.stab.indexstr
 *(.stab.indexstr)

.comment        0x0000000000000000       0x11
 *(.comment)
 .comment       0x0000000000000000       0x11 ./main.o
                                         0x12 (size before relaxing)
 .comment       0x0000000000000000       0x12 /usr/local/Cellar/avr-gcc/4.7.2/lib/gcc/avr/4.7.2/avr4/libgcc.a(_addsub_sf.o)
 .comment       0x0000000000000000       0x12 /usr/local/Cellar/avr-gcc/4.7.2/lib/gcc/avr/4.7.2/avr4/libgcc.a(_mul_sf.o)
 .comment       0x0000000000000000       0x12 /usr/local/Cellar/avr-gcc/4.7.2/lib/gcc/avr/4.7.2/avr4/libgcc.a(_gt_sf.o)
 .comment       0x0000000000000000       0x12 /usr/local/Cellar/avr-gcc/4.7.2/lib/gcc/avr/4.7.2/avr4/libgcc.a(_lt_sf.o)
 .comment       0x0000000000000000       0x12 /usr/local/Cellar/avr-gcc/4.7.2/lib/gcc/avr/4.7.2/avr4/libgcc.a(_si_to_sf.o)
 .comment       0x0000000000000000       0x12 /usr/local/Cellar/avr-gcc/4.7.2/lib/gcc/avr/4.7.2/avr4/libgcc.a(_sf_to_si.o)
 .comment       0x0000000000000000       0x12 /usr/local/Cellar/avr-gcc/4.7.2/lib/gcc/avr/4.7.2/avr4/libgcc.a(_thenan_sf.o)
 .comment       0x0000000000000000       0x12 /usr/local/Cellar/avr-gcc/4.7.2/lib/gcc/avr/4.7.2/avr4/libgcc.a(_pack_sf.o)
 .comment       0x0000000000000000       0x12 /usr/local/Cellar/avr-gcc/4.7.2/lib/gcc/avr/4.7.2/avr4/libgcc.a(_unpack_sf.o)
 .comment       0x0000000000000000       0x12 /usr/local/Cellar/avr-gcc/4.7.2/lib/gcc/avr/4.7.2/avr4/libgcc.a(_fpcmp_parts_sf.o)

.debug
 *(.debug)

.line
 *(.line)

.debug_srcinfo
 *(.debug_srcinfo)

.debug_sfnames
 *(.debug_sfnames)

.debug_aranges  0x0000000000000000      0x298
 *(.debug_aranges)
 .debug_aranges
                0x0000000000000000       0x20 /usr/local/Cellar/avr-gcc/4.7.2/lib/gcc/avr/4.7.2/avr4/libgcc.a(_divmodhi4.o)
 .debug_aranges
                0x0000000000000020       0x20 /usr/local/Cellar/avr-gcc/4.7.2/lib/gcc/avr/4.7.2/avr4/libgcc.a(_divmodsi4.o)
 .debug_aranges
                0x0000000000000040       0x20 /usr/local/Cellar/avr-gcc/4.7.2/lib/gcc/avr/4.7.2/avr4/libgcc.a(_exit.o)
 .debug_aranges
                0x0000000000000060       0x20 /usr/local/Cellar/avr-gcc/4.7.2/lib/gcc/avr/4.7.2/avr4/libgcc.a(_copy_data.o)
 .debug_aranges
                0x0000000000000080       0x20 /usr/local/Cellar/avr-gcc/4.7.2/lib/gcc/avr/4.7.2/avr4/libgcc.a(_clear_bss.o)
 .debug_aranges
                0x00000000000000a0       0x20 /usr/local/Cellar/avr-gcc/4.7.2/lib/gcc/avr/4.7.2/avr4/libgcc.a(_addsub_sf.o)
 .debug_aranges
                0x00000000000000c0       0x20 /usr/local/Cellar/avr-gcc/4.7.2/lib/gcc/avr/4.7.2/avr4/libgcc.a(_mul_sf.o)
 .debug_aranges
                0x00000000000000e0       0x20 /usr/local/Cellar/avr-gcc/4.7.2/lib/gcc/avr/4.7.2/avr4/libgcc.a(_gt_sf.o)
 .debug_aranges
                0x0000000000000100       0x20 /usr/local/Cellar/avr-gcc/4.7.2/lib/gcc/avr/4.7.2/avr4/libgcc.a(_lt_sf.o)
 .debug_aranges
                0x0000000000000120       0x20 /usr/local/Cellar/avr-gcc/4.7.2/lib/gcc/avr/4.7.2/avr4/libgcc.a(_si_to_sf.o)
 .debug_aranges
                0x0000000000000140       0x20 /usr/local/Cellar/avr-gcc/4.7.2/lib/gcc/avr/4.7.2/avr4/libgcc.a(_sf_to_si.o)
 .debug_aranges
                0x0000000000000160       0x18 /usr/local/Cellar/avr-gcc/4.7.2/lib/gcc/avr/4.7.2/avr4/libgcc.a(_thenan_sf.o)
 .debug_aranges
                0x0000000000000178       0x20 /usr/local/Cellar/avr-gcc/4.7.2/lib/gcc/avr/4.7.2/avr4/libgcc.a(_udivmodhi4.o)
 .debug_aranges
                0x0000000000000198       0x20 /usr/local/Cellar/avr-gcc/4.7.2/lib/gcc/avr/4.7.2/avr4/libgcc.a(_udivmodsi4.o)
 .debug_aranges
                0x00000000000001b8       0x20 /usr/local/Cellar/avr-gcc/4.7.2/lib/gcc/avr/4.7.2/avr4/libgcc.a(_prologue.o)
 .debug_aranges
                0x00000000000001d8       0x20 /usr/local/Cellar/avr-gcc/4.7.2/lib/gcc/avr/4.7.2/avr4/libgcc.a(_epilogue.o)
 .debug_aranges
                0x00000000000001f8       0x20 /usr/local/Cellar/avr-gcc/4.7.2/lib/gcc/avr/4.7.2/avr4/libgcc.a(_clzsi2.o)
 .debug_aranges
                0x0000000000000218       0x20 /usr/local/Cellar/avr-gcc/4.7.2/lib/gcc/avr/4.7.2/avr4/libgcc.a(_clzhi2.o)
 .debug_aranges
                0x0000000000000238       0x20 /usr/local/Cellar/avr-gcc/4.7.2/lib/gcc/avr/4.7.2/avr4/libgcc.a(_pack_sf.o)
 .debug_aranges
                0x0000000000000258       0x20 /usr/local/Cellar/avr-gcc/4.7.2/lib/gcc/avr/4.7.2/avr4/libgcc.a(_unpack_sf.o)
 .debug_aranges
                0x0000000000000278       0x20 /usr/local/Cellar/avr-gcc/4.7.2/lib/gcc/avr/4.7.2/avr4/libgcc.a(_fpcmp_parts_sf.o)

.debug_pubnames
 *(.debug_pubnames)

.debug_info     0x0000000000000000     0x2423
 *(.debug_info)
 .debug_info    0x0000000000000000       0x8c /usr/local/Cellar/avr-gcc/4.7.2/lib/gcc/avr/4.7.2/avr4/libgcc.a(_divmodhi4.o)
 .debug_info    0x000000000000008c       0x8c /usr/local/Cellar/avr-gcc/4.7.2/lib/gcc/avr/4.7.2/avr4/libgcc.a(_divmodsi4.o)
 .debug_info    0x0000000000000118       0x8c /usr/local/Cellar/avr-gcc/4.7.2/lib/gcc/avr/4.7.2/avr4/libgcc.a(_exit.o)
 .debug_info    0x00000000000001a4       0x8c /usr/local/Cellar/avr-gcc/4.7.2/lib/gcc/avr/4.7.2/avr4/libgcc.a(_copy_data.o)
 .debug_info    0x0000000000000230       0x8c /usr/local/Cellar/avr-gcc/4.7.2/lib/gcc/avr/4.7.2/avr4/libgcc.a(_clear_bss.o)
 .debug_info    0x00000000000002bc      0x589 /usr/local/Cellar/avr-gcc/4.7.2/lib/gcc/avr/4.7.2/avr4/libgcc.a(_addsub_sf.o)
 .debug_info    0x0000000000000845      0x47c /usr/local/Cellar/avr-gcc/4.7.2/lib/gcc/avr/4.7.2/avr4/libgcc.a(_mul_sf.o)
 .debug_info    0x0000000000000cc1      0x32d /usr/local/Cellar/avr-gcc/4.7.2/lib/gcc/avr/4.7.2/avr4/libgcc.a(_gt_sf.o)
 .debug_info    0x0000000000000fee      0x32d /usr/local/Cellar/avr-gcc/4.7.2/lib/gcc/avr/4.7.2/avr4/libgcc.a(_lt_sf.o)
 .debug_info    0x000000000000131b      0x261 /usr/local/Cellar/avr-gcc/4.7.2/lib/gcc/avr/4.7.2/avr4/libgcc.a(_si_to_sf.o)
 .debug_info    0x000000000000157c      0x2e6 /usr/local/Cellar/avr-gcc/4.7.2/lib/gcc/avr/4.7.2/avr4/libgcc.a(_sf_to_si.o)
 .debug_info    0x0000000000001862      0x150 /usr/local/Cellar/avr-gcc/4.7.2/lib/gcc/avr/4.7.2/avr4/libgcc.a(_thenan_sf.o)
 .debug_info    0x00000000000019b2       0x8c /usr/local/Cellar/avr-gcc/4.7.2/lib/gcc/avr/4.7.2/avr4/libgcc.a(_udivmodhi4.o)
 .debug_info    0x0000000000001a3e       0x8c /usr/local/Cellar/avr-gcc/4.7.2/lib/gcc/avr/4.7.2/avr4/libgcc.a(_udivmodsi4.o)
 .debug_info    0x0000000000001aca       0x8c /usr/local/Cellar/avr-gcc/4.7.2/lib/gcc/avr/4.7.2/avr4/libgcc.a(_prologue.o)
 .debug_info    0x0000000000001b56       0x8c /usr/local/Cellar/avr-gcc/4.7.2/lib/gcc/avr/4.7.2/avr4/libgcc.a(_epilogue.o)
 .debug_info    0x0000000000001be2       0x8c /usr/local/Cellar/avr-gcc/4.7.2/lib/gcc/avr/4.7.2/avr4/libgcc.a(_clzsi2.o)
 .debug_info    0x0000000000001c6e       0x8c /usr/local/Cellar/avr-gcc/4.7.2/lib/gcc/avr/4.7.2/avr4/libgcc.a(_clzhi2.o)
 .debug_info    0x0000000000001cfa      0x2d2 /usr/local/Cellar/avr-gcc/4.7.2/lib/gcc/avr/4.7.2/avr4/libgcc.a(_pack_sf.o)
 .debug_info    0x0000000000001fcc      0x268 /usr/local/Cellar/avr-gcc/4.7.2/lib/gcc/avr/4.7.2/avr4/libgcc.a(_unpack_sf.o)
 .debug_info    0x0000000000002234      0x1ef /usr/local/Cellar/avr-gcc/4.7.2/lib/gcc/avr/4.7.2/avr4/libgcc.a(_fpcmp_parts_sf.o)
 *(.gnu.linkonce.wi.*)

.debug_abbrev   0x0000000000000000     0x105a
 *(.debug_abbrev)
 .debug_abbrev  0x0000000000000000       0x14 /usr/local/Cellar/avr-gcc/4.7.2/lib/gcc/avr/4.7.2/avr4/libgcc.a(_divmodhi4.o)
 .debug_abbrev  0x0000000000000014       0x14 /usr/local/Cellar/avr-gcc/4.7.2/lib/gcc/avr/4.7.2/avr4/libgcc.a(_divmodsi4.o)
 .debug_abbrev  0x0000000000000028       0x14 /usr/local/Cellar/avr-gcc/4.7.2/lib/gcc/avr/4.7.2/avr4/libgcc.a(_exit.o)
 .debug_abbrev  0x000000000000003c       0x14 /usr/local/Cellar/avr-gcc/4.7.2/lib/gcc/avr/4.7.2/avr4/libgcc.a(_copy_data.o)
 .debug_abbrev  0x0000000000000050       0x14 /usr/local/Cellar/avr-gcc/4.7.2/lib/gcc/avr/4.7.2/avr4/libgcc.a(_clear_bss.o)
 .debug_abbrev  0x0000000000000064      0x215 /usr/local/Cellar/avr-gcc/4.7.2/lib/gcc/avr/4.7.2/avr4/libgcc.a(_addsub_sf.o)
 .debug_abbrev  0x0000000000000279      0x228 /usr/local/Cellar/avr-gcc/4.7.2/lib/gcc/avr/4.7.2/avr4/libgcc.a(_mul_sf.o)
 .debug_abbrev  0x00000000000004a1      0x1a5 /usr/local/Cellar/avr-gcc/4.7.2/lib/gcc/avr/4.7.2/avr4/libgcc.a(_gt_sf.o)
 .debug_abbrev  0x0000000000000646      0x1a5 /usr/local/Cellar/avr-gcc/4.7.2/lib/gcc/avr/4.7.2/avr4/libgcc.a(_lt_sf.o)
 .debug_abbrev  0x00000000000007eb      0x19c /usr/local/Cellar/avr-gcc/4.7.2/lib/gcc/avr/4.7.2/avr4/libgcc.a(_si_to_sf.o)
 .debug_abbrev  0x0000000000000987      0x194 /usr/local/Cellar/avr-gcc/4.7.2/lib/gcc/avr/4.7.2/avr4/libgcc.a(_sf_to_si.o)
 .debug_abbrev  0x0000000000000b1b       0xb6 /usr/local/Cellar/avr-gcc/4.7.2/lib/gcc/avr/4.7.2/avr4/libgcc.a(_thenan_sf.o)
 .debug_abbrev  0x0000000000000bd1       0x14 /usr/local/Cellar/avr-gcc/4.7.2/lib/gcc/avr/4.7.2/avr4/libgcc.a(_udivmodhi4.o)
 .debug_abbrev  0x0000000000000be5       0x14 /usr/local/Cellar/avr-gcc/4.7.2/lib/gcc/avr/4.7.2/avr4/libgcc.a(_udivmodsi4.o)
 .debug_abbrev  0x0000000000000bf9       0x14 /usr/local/Cellar/avr-gcc/4.7.2/lib/gcc/avr/4.7.2/avr4/libgcc.a(_prologue.o)
 .debug_abbrev  0x0000000000000c0d       0x14 /usr/local/Cellar/avr-gcc/4.7.2/lib/gcc/avr/4.7.2/avr4/libgcc.a(_epilogue.o)
 .debug_abbrev  0x0000000000000c21       0x14 /usr/local/Cellar/avr-gcc/4.7.2/lib/gcc/avr/4.7.2/avr4/libgcc.a(_clzsi2.o)
 .debug_abbrev  0x0000000000000c35       0x14 /usr/local/Cellar/avr-gcc/4.7.2/lib/gcc/avr/4.7.2/avr4/libgcc.a(_clzhi2.o)
 .debug_abbrev  0x0000000000000c49      0x195 /usr/local/Cellar/avr-gcc/4.7.2/lib/gcc/avr/4.7.2/avr4/libgcc.a(_pack_sf.o)
 .debug_abbrev  0x0000000000000dde      0x15f /usr/local/Cellar/avr-gcc/4.7.2/lib/gcc/avr/4.7.2/avr4/libgcc.a(_unpack_sf.o)
 .debug_abbrev  0x0000000000000f3d      0x11d /usr/local/Cellar/avr-gcc/4.7.2/lib/gcc/avr/4.7.2/avr4/libgcc.a(_fpcmp_parts_sf.o)

.debug_line     0x0000000000000000      0xa20
 *(.debug_line)
 .debug_line    0x0000000000000000       0x6c /usr/local/Cellar/avr-gcc/4.7.2/lib/gcc/avr/4.7.2/avr4/libgcc.a(_divmodhi4.o)
 .debug_line    0x000000000000006c       0x74 /usr/local/Cellar/avr-gcc/4.7.2/lib/gcc/avr/4.7.2/avr4/libgcc.a(_divmodsi4.o)
 .debug_line    0x00000000000000e0       0x5b /usr/local/Cellar/avr-gcc/4.7.2/lib/gcc/avr/4.7.2/avr4/libgcc.a(_exit.o)
 .debug_line    0x000000000000013b       0x64 /usr/local/Cellar/avr-gcc/4.7.2/lib/gcc/avr/4.7.2/avr4/libgcc.a(_copy_data.o)
 .debug_line    0x000000000000019f       0x61 /usr/local/Cellar/avr-gcc/4.7.2/lib/gcc/avr/4.7.2/avr4/libgcc.a(_clear_bss.o)
 .debug_line    0x0000000000000200       0xc1 /usr/local/Cellar/avr-gcc/4.7.2/lib/gcc/avr/4.7.2/avr4/libgcc.a(_addsub_sf.o)
 .debug_line    0x00000000000002c1       0xc2 /usr/local/Cellar/avr-gcc/4.7.2/lib/gcc/avr/4.7.2/avr4/libgcc.a(_mul_sf.o)
 .debug_line    0x0000000000000383       0x94 /usr/local/Cellar/avr-gcc/4.7.2/lib/gcc/avr/4.7.2/avr4/libgcc.a(_gt_sf.o)
 .debug_line    0x0000000000000417       0x94 /usr/local/Cellar/avr-gcc/4.7.2/lib/gcc/avr/4.7.2/avr4/libgcc.a(_lt_sf.o)
 .debug_line    0x00000000000004ab       0x74 /usr/local/Cellar/avr-gcc/4.7.2/lib/gcc/avr/4.7.2/avr4/libgcc.a(_si_to_sf.o)
 .debug_line    0x000000000000051f       0x70 /usr/local/Cellar/avr-gcc/4.7.2/lib/gcc/avr/4.7.2/avr4/libgcc.a(_sf_to_si.o)
 .debug_line    0x000000000000058f       0x48 /usr/local/Cellar/avr-gcc/4.7.2/lib/gcc/avr/4.7.2/avr4/libgcc.a(_thenan_sf.o)
 .debug_line    0x00000000000005d7       0x6d /usr/local/Cellar/avr-gcc/4.7.2/lib/gcc/avr/4.7.2/avr4/libgcc.a(_udivmodhi4.o)
 .debug_line    0x0000000000000644       0x7b /usr/local/Cellar/avr-gcc/4.7.2/lib/gcc/avr/4.7.2/avr4/libgcc.a(_udivmodsi4.o)
 .debug_line    0x00000000000006bf       0x77 /usr/local/Cellar/avr-gcc/4.7.2/lib/gcc/avr/4.7.2/avr4/libgcc.a(_prologue.o)
 .debug_line    0x0000000000000736       0x76 /usr/local/Cellar/avr-gcc/4.7.2/lib/gcc/avr/4.7.2/avr4/libgcc.a(_epilogue.o)
 .debug_line    0x00000000000007ac       0x60 /usr/local/Cellar/avr-gcc/4.7.2/lib/gcc/avr/4.7.2/avr4/libgcc.a(_clzsi2.o)
 .debug_line    0x000000000000080c       0x6b /usr/local/Cellar/avr-gcc/4.7.2/lib/gcc/avr/4.7.2/avr4/libgcc.a(_clzhi2.o)
 .debug_line    0x0000000000000877       0x99 /usr/local/Cellar/avr-gcc/4.7.2/lib/gcc/avr/4.7.2/avr4/libgcc.a(_pack_sf.o)
 .debug_line    0x0000000000000910       0x7c /usr/local/Cellar/avr-gcc/4.7.2/lib/gcc/avr/4.7.2/avr4/libgcc.a(_unpack_sf.o)
 .debug_line    0x000000000000098c       0x94 /usr/local/Cellar/avr-gcc/4.7.2/lib/gcc/avr/4.7.2/avr4/libgcc.a(_fpcmp_parts_sf.o)

.debug_frame    0x0000000000000000      0x210
 *(.debug_frame)
 .debug_frame   0x0000000000000000       0x78 /usr/local/Cellar/avr-gcc/4.7.2/lib/gcc/avr/4.7.2/avr4/libgcc.a(_addsub_sf.o)
 .debug_frame   0x0000000000000078       0x48 /usr/local/Cellar/avr-gcc/4.7.2/lib/gcc/avr/4.7.2/avr4/libgcc.a(_mul_sf.o)
 .debug_frame   0x00000000000000c0       0x2c /usr/local/Cellar/avr-gcc/4.7.2/lib/gcc/avr/4.7.2/avr4/libgcc.a(_gt_sf.o)
 .debug_frame   0x00000000000000ec       0x2c /usr/local/Cellar/avr-gcc/4.7.2/lib/gcc/avr/4.7.2/avr4/libgcc.a(_lt_sf.o)
 .debug_frame   0x0000000000000118       0x30 /usr/local/Cellar/avr-gcc/4.7.2/lib/gcc/avr/4.7.2/avr4/libgcc.a(_si_to_sf.o)
 .debug_frame   0x0000000000000148       0x30 /usr/local/Cellar/avr-gcc/4.7.2/lib/gcc/avr/4.7.2/avr4/libgcc.a(_sf_to_si.o)
 .debug_frame   0x0000000000000178       0x38 /usr/local/Cellar/avr-gcc/4.7.2/lib/gcc/avr/4.7.2/avr4/libgcc.a(_pack_sf.o)
 .debug_frame   0x00000000000001b0       0x34 /usr/local/Cellar/avr-gcc/4.7.2/lib/gcc/avr/4.7.2/avr4/libgcc.a(_unpack_sf.o)
 .debug_frame   0x00000000000001e4       0x2c /usr/local/Cellar/avr-gcc/4.7.2/lib/gcc/avr/4.7.2/avr4/libgcc.a(_fpcmp_parts_sf.o)

.debug_str      0x0000000000000000      0x280
 *(.debug_str)
 .debug_str     0x0000000000000000      0x1fa /usr/local/Cellar/avr-gcc/4.7.2/lib/gcc/avr/4.7.2/avr4/libgcc.a(_addsub_sf.o)
                                        0x241 (size before relaxing)
 .debug_str     0x00000000000001fa       0x27 /usr/local/Cellar/avr-gcc/4.7.2/lib/gcc/avr/4.7.2/avr4/libgcc.a(_mul_sf.o)
                                        0x1fa (size before relaxing)
 .debug_str     0x0000000000000221       0x1f /usr/local/Cellar/avr-gcc/4.7.2/lib/gcc/avr/4.7.2/avr4/libgcc.a(_gt_sf.o)
                                        0x1cf (size before relaxing)
 .debug_str     0x0000000000000240        0x8 /usr/local/Cellar/avr-gcc/4.7.2/lib/gcc/avr/4.7.2/avr4/libgcc.a(_lt_sf.o)
                                        0x1cf (size before relaxing)
 .debug_str     0x0000000000000248       0x27 /usr/local/Cellar/avr-gcc/4.7.2/lib/gcc/avr/4.7.2/avr4/libgcc.a(_si_to_sf.o)
                                        0x1ac (size before relaxing)
 .debug_str     0x000000000000026f        0xa /usr/local/Cellar/avr-gcc/4.7.2/lib/gcc/avr/4.7.2/avr4/libgcc.a(_sf_to_si.o)
                                        0x1c8 (size before relaxing)
 .debug_str     0x0000000000000000      0x15f /usr/local/Cellar/avr-gcc/4.7.2/lib/gcc/avr/4.7.2/avr4/libgcc.a(_thenan_sf.o)
 .debug_str     0x0000000000000279        0x7 /usr/local/Cellar/avr-gcc/4.7.2/lib/gcc/avr/4.7.2/avr4/libgcc.a(_pack_sf.o)
                                        0x1bc (size before relaxing)
 .debug_str     0x0000000000000000      0x19e /usr/local/Cellar/avr-gcc/4.7.2/lib/gcc/avr/4.7.2/avr4/libgcc.a(_unpack_sf.o)
 .debug_str     0x0000000000000000      0x182 /usr/local/Cellar/avr-gcc/4.7.2/lib/gcc/avr/4.7.2/avr4/libgcc.a(_fpcmp_parts_sf.o)

.debug_loc      0x0000000000000000      0xbbc
 *(.debug_loc)
 .debug_loc     0x0000000000000000      0x42d /usr/local/Cellar/avr-gcc/4.7.2/lib/gcc/avr/4.7.2/avr4/libgcc.a(_addsub_sf.o)
 .debug_loc     0x000000000000042d      0x21c /usr/local/Cellar/avr-gcc/4.7.2/lib/gcc/avr/4.7.2/avr4/libgcc.a(_mul_sf.o)
 .debug_loc     0x0000000000000649       0xa1 /usr/local/Cellar/avr-gcc/4.7.2/lib/gcc/avr/4.7.2/avr4/libgcc.a(_gt_sf.o)
 .debug_loc     0x00000000000006ea       0xa1 /usr/local/Cellar/avr-gcc/4.7.2/lib/gcc/avr/4.7.2/avr4/libgcc.a(_lt_sf.o)
 .debug_loc     0x000000000000078b      0x107 /usr/local/Cellar/avr-gcc/4.7.2/lib/gcc/avr/4.7.2/avr4/libgcc.a(_si_to_sf.o)
 .debug_loc     0x0000000000000892       0x9f /usr/local/Cellar/avr-gcc/4.7.2/lib/gcc/avr/4.7.2/avr4/libgcc.a(_sf_to_si.o)
 .debug_loc     0x0000000000000931      0x148 /usr/local/Cellar/avr-gcc/4.7.2/lib/gcc/avr/4.7.2/avr4/libgcc.a(_pack_sf.o)
 .debug_loc     0x0000000000000a79       0xf9 /usr/local/Cellar/avr-gcc/4.7.2/lib/gcc/avr/4.7.2/avr4/libgcc.a(_unpack_sf.o)
 .debug_loc     0x0000000000000b72       0x4a /usr/local/Cellar/avr-gcc/4.7.2/lib/gcc/avr/4.7.2/avr4/libgcc.a(_fpcmp_parts_sf.o)

.debug_macinfo
 *(.debug_macinfo)

.debug_pubtypes
 *(.debug_pubtypes)

.debug_ranges   0x0000000000000000       0x30
 *(.debug_ranges)
 .debug_ranges  0x0000000000000000       0x18 /usr/local/Cellar/avr-gcc/4.7.2/lib/gcc/avr/4.7.2/avr4/libgcc.a(_mul_sf.o)
 .debug_ranges  0x0000000000000018       0x18 /usr/local/Cellar/avr-gcc/4.7.2/lib/gcc/avr/4.7.2/avr4/libgcc.a(_si_to_sf.o)

.debug_macro
 *(.debug_macro)
OUTPUT(OCL_Amplifier.elf elf32-avr)
LOAD linker stubs
